C51 COMPILER V9.54   MAIN                                                                  07/22/2021 15:28:41 PAGE 1   


C51 COMPILER V9.54, COMPILATION OF MODULE MAIN
OBJECT MODULE PLACED IN .\Objects\main.obj
COMPILER INVOKED BY: D:\Keil\C51\BIN\C51.EXE main.c OPTIMIZE(8,SPEED) BROWSE DEBUG OBJECTEXTEND PRINT(.\Listings\main.ls
                    -t) TABS(2) OBJECT(.\Objects\main.obj)

line level    source

   1          #include <REGX52.H>
   2          #include <INTRINS.H>
   3          void Delay500ms()   //@12.000MHz
   4          {
   5   1        unsigned char i, j, k;
   6   1      
   7   1        _nop_();
   8   1        i = 4;
   9   1        j = 205;
  10   1        k = 187;
  11   1        do
  12   1        {
  13   2          do
  14   2          {
  15   3            while (--k);
  16   3          } while (--j);
  17   2        } while (--i);
  18   1      }
  19          
  20          
  21          main(){
  22   1        while(1){
  23   2          P2 = 0xFE;
  24   2          Delay500ms();
  25   2          P2 = 0xFD;
  26   2          Delay500ms();
  27   2          P2 = 0xFB;
  28   2          Delay500ms();
  29   2          P2 = 0xF7;
  30   2          Delay500ms();
  31   2          P2 = 0xEF;
  32   2          Delay500ms();
  33   2          P2 = 0xDF;
  34   2          Delay500ms();
  35   2          P2 = 0xBF;
  36   2          Delay500ms();
  37   2          P2 = 0x7F;
  38   2          Delay500ms();
  39   2        }
  40   1      }


MODULE INFORMATION:   STATIC OVERLAYABLE
   CODE SIZE        =     64    ----
   CONSTANT SIZE    =   ----    ----
   XDATA SIZE       =   ----    ----
   PDATA SIZE       =   ----    ----
   DATA SIZE        =   ----    ----
   IDATA SIZE       =   ----    ----
   BIT SIZE         =   ----    ----
END OF MODULE INFORMATION.


C51 COMPILATION COMPLETE.  0 WARNING(S),  0 ERROR(S)
